Side effect
Retkonst is: Result.
Side effect
Retkonst is: Result.!
Side effect
Side effect
Result.Result.
Side effect
Side effect
Side effect
Result.Result.Result.
