ERR:
error: inkonstid jar path: [Temp]/noPermissionDir/test.jar

Return code: 1
