ERR:
error: inkonstid jar path: [Temp]/clashingFile/test.jar

Return code: 1
